  MODFLOW 6 GROUNDWATER FLOW MODEL (trimmed fixture)

  VOLUME BUDGET FOR ENTIRE MODEL AT END OF TIME STEP    1, STRESS PERIOD   1
  ---------------------------------------------------------------------------------------------------

     CUMULATIVE VOLUME      L**3       RATES FOR THIS TIME STEP      L**3/T          PACKAGE NAME    
     ------------------                 ------------------------                     ----------------

           IN:                                      IN:
           ---                                      ---
              STO-SS =           0.0000                STO-SS =           0.0000     STORAGE                          
      CSUB-CGELASTIC =           0.0000        CSUB-CGELASTIC =           0.0000     CSUB                             
        CSUB-ELASTIC =           0.0000          CSUB-ELASTIC =           0.0000     CSUB                             
      CSUB-INELASTIC =           0.0000        CSUB-INELASTIC =           0.0000     CSUB                             
      CSUB-WATERCOMP =           0.0000        CSUB-WATERCOMP =           0.0000     CSUB                             
                 WEL =           0.0000                   WEL =           0.0000     WEL-0                            
                 CHD =        1063.3846                   CHD =        1063.3846     CHD_0                            

            TOTAL IN =        1063.3846              TOTAL IN =        1063.3846

          OUT:                                     OUT:
          ----                                     ----
              STO-SS =           0.0000                STO-SS =           0.0000     STORAGE                          
      CSUB-CGELASTIC =           0.0000        CSUB-CGELASTIC =           0.0000     CSUB                             
        CSUB-ELASTIC =           0.0000          CSUB-ELASTIC =           0.0000     CSUB                             
      CSUB-INELASTIC =           0.0000        CSUB-INELASTIC =           0.0000     CSUB                             
      CSUB-WATERCOMP =           0.0000        CSUB-WATERCOMP =           0.0000     CSUB                             
                 WEL =           0.0000                   WEL =           0.0000     WEL-0                            
                 CHD =        1063.3846                   CHD =        1063.3846     CHD_0                            

           TOTAL OUT =        1063.3846             TOTAL OUT =        1063.3846

            IN - OUT =      -2.3286E-05              IN - OUT =      -2.3286E-05

 PERCENT DISCREPANCY =          -0.00     PERCENT DISCREPANCY =          -0.00
