                                   MODFLOW 6
                U.S. GEOLOGICAL SURVEY MODULAR HYDROLOGIC MODEL
                            VERSION 6.5.0 05/23/2024

   MODFLOW 6 compiled May 23 2024 18:02:47 with Intel(R) Fortran Intel(R) 64
   Compiler Classic for applications running on Intel(R) 64, Version 2021.7.0
                             Build 20220726_000000

This software has been approved for release by the U.S. Geological 
Survey (USGS). Although the software has been subjected to rigorous 
review, the USGS reserves the right to update the software as needed 
pursuant to further analysis and review. No warranty, expressed or 
implied, is made by the USGS or the U.S. Government as to the 
functionality of the software and related material nor shall the 
fact of release constitute any such warranty. Furthermore, the 
software is released on condition that neither the USGS nor the U.S. 
Government shall be held liable for any damages resulting from its 
authorized or unauthorized use. Also refer to the USGS Water 
Resources Software User Rights Notice for complete use, copyright, 
and distribution information.


As a work of the United States Government, this USGS product is 
in the public domain within the United States. You can copy, 
modify, distribute, and perform the work, even for commercial 
purposes, all without asking permission. Additionally, USGS 
waives copyright and related rights in the work worldwide 
through CC0 1.0 Universal Public Domain Dedication 
(https://creativecommons.org/publicdomain/zero/1.0/).

The following GNU Lesser General Public License (LGPL) libraries
are used in this USGS product:

    SPARSKIT version 2.0
      ilut, luson, and qsplit 
      (https://www-users.cse.umn.edu/~saad/software/SPARSKIT/)

    RCM - Reverse Cuthill McKee Ordering
      (https://people.math.sc.edu/Burkardt/f_src/rcm/rcm.html)

    BLAS - Basic Linear Algebra Subprograms Level 1
      (https://people.math.sc.edu/Burkardt/f_src/blas1_d/blas1_d.html)

    SPARSEKIT - Sparse Matrix Utility Package
      amux, dperm, dvperm, rperm, and cperm
      (https://people.sc.fsu.edu/~jburkardt/f77_src/sparsekit/sparsekit.html)

The following BSD-3 License libraries are used in this USGS product:

    Modern Fortran DAG Library
      Copyright (c) 2018, Jacob Williams
      All rights reserved.
      (https://github.com/jacobwilliams/daglib)

MODFLOW 6 compiler options: -Isrc/libmf6core.a.p -Isrc -I../src
-Isrc/libmf6_external.a.p -D_FILE_OFFSET_BITS=64 -warn general -warn
truncated_source -stand=f08 -g -traceback -O2 -fpe0 -no-heap-arrays
-traceback -diag-disable:7416 -diag-disable:7025 -diag-disable:5268 -fPIC
-module src/libmf6core.a.p
-gen-dep=src/libmf6core.a.p/Utilities_compilerversion.F90.o

    Solving:  Stress period:     1    Time step:     1
    Solving:  Stress period:     2    Time step:     1
    Solving:  Stress period:     2    Time step:     2
    Solving:  Stress period:     2    Time step:     3
    Solving:  Stress period:     2    Time step:     4
    Solving:  Stress period:     2    Time step:     5
    Solving:  Stress period:     2    Time step:     6
    Solving:  Stress period:     2    Time step:     7
    Solving:  Stress period:     2    Time step:     8
    Solving:  Stress period:     2    Time step:     9
    Solving:  Stress period:     2    Time step:    10
    Solving:  Stress period:     3    Time step:     1
    Solving:  Stress period:     3    Time step:     2
    Solving:  Stress period:     3    Time step:     3
    Solving:  Stress period:     3    Time step:     4
    Solving:  Stress period:     3    Time step:     5
    Solving:  Stress period:     3    Time step:     6
    Solving:  Stress period:     3    Time step:     7
    Solving:  Stress period:     3    Time step:     8
    Solving:  Stress period:     3    Time step:     9
    Solving:  Stress period:     3    Time step:    10
    Solving:  Stress period:     4    Time step:     1
    Solving:  Stress period:     4    Time step:     2
    Solving:  Stress period:     4    Time step:     3
    Solving:  Stress period:     4    Time step:     4
    Solving:  Stress period:     4    Time step:     5
    Solving:  Stress period:     4    Time step:     6
    Solving:  Stress period:     4    Time step:     7
    Solving:  Stress period:     4    Time step:     8
    Solving:  Stress period:     4    Time step:     9
    Solving:  Stress period:     4    Time step:    10
    Solving:  Stress period:     5    Time step:     1
    Solving:  Stress period:     5    Time step:     2
    Solving:  Stress period:     5    Time step:     3
    Solving:  Stress period:     5    Time step:     4
    Solving:  Stress period:     5    Time step:     5
    Solving:  Stress period:     5    Time step:     6
    Solving:  Stress period:     5    Time step:     7
    Solving:  Stress period:     5    Time step:     8
    Solving:  Stress period:     5    Time step:     9
    Solving:  Stress period:     5    Time step:    10
    Solving:  Stress period:     6    Time step:     1
    Solving:  Stress period:     6    Time step:     2
    Solving:  Stress period:     6    Time step:     3
    Solving:  Stress period:     6    Time step:     4
    Solving:  Stress period:     6    Time step:     5
    Solving:  Stress period:     6    Time step:     6
    Solving:  Stress period:     6    Time step:     7
    Solving:  Stress period:     6    Time step:     8
    Solving:  Stress period:     6    Time step:     9
    Solving:  Stress period:     6    Time step:    10
    Solving:  Stress period:     7    Time step:     1
    Solving:  Stress period:     7    Time step:     2
    Solving:  Stress period:     7    Time step:     3
    Solving:  Stress period:     7    Time step:     4
    Solving:  Stress period:     7    Time step:     5
    Solving:  Stress period:     7    Time step:     6
    Solving:  Stress period:     7    Time step:     7
    Solving:  Stress period:     7    Time step:     8
    Solving:  Stress period:     7    Time step:     9
    Solving:  Stress period:     7    Time step:    10
    Solving:  Stress period:     8    Time step:     1
    Solving:  Stress period:     8    Time step:     2
    Solving:  Stress period:     8    Time step:     3
    Solving:  Stress period:     8    Time step:     4
    Solving:  Stress period:     8    Time step:     5
    Solving:  Stress period:     8    Time step:     6
    Solving:  Stress period:     8    Time step:     7
    Solving:  Stress period:     8    Time step:     8
    Solving:  Stress period:     8    Time step:     9
    Solving:  Stress period:     8    Time step:    10
    Solving:  Stress period:     9    Time step:     1
    Solving:  Stress period:     9    Time step:     2
    Solving:  Stress period:     9    Time step:     3
    Solving:  Stress period:     9    Time step:     4
    Solving:  Stress period:     9    Time step:     5
    Solving:  Stress period:     9    Time step:     6
    Solving:  Stress period:     9    Time step:     7
    Solving:  Stress period:     9    Time step:     8
    Solving:  Stress period:     9    Time step:     9
    Solving:  Stress period:     9    Time step:    10
    Solving:  Stress period:    10    Time step:     1
    Solving:  Stress period:    10    Time step:     2
    Solving:  Stress period:    10    Time step:     3
    Solving:  Stress period:    10    Time step:     4
    Solving:  Stress period:    10    Time step:     5
    Solving:  Stress period:    10    Time step:     6
    Solving:  Stress period:    10    Time step:     7
    Solving:  Stress period:    10    Time step:     8
    Solving:  Stress period:    10    Time step:     9
    Solving:  Stress period:    10    Time step:    10
    Solving:  Stress period:    11    Time step:     1
    Solving:  Stress period:    11    Time step:     2
    Solving:  Stress period:    11    Time step:     3
    Solving:  Stress period:    11    Time step:     4
    Solving:  Stress period:    11    Time step:     5
    Solving:  Stress period:    11    Time step:     6
    Solving:  Stress period:    11    Time step:     7
    Solving:  Stress period:    11    Time step:     8
    Solving:  Stress period:    11    Time step:     9
    Solving:  Stress period:    11    Time step:    10

    Solving:  Stress period:    11    Time step:     9
 
 
    Solving:  Stress period:    11    Time step:    10
 

 MEMORY MANAGER TOTAL STORAGE BY DATA TYPE, IN MEGABYTES
 -------------------------------
                    ALLOCATED   
 DATA TYPE           MEMORY     
 -------------------------------
 Character        7.68700000E-03
 Logical          4.40000000E-05
 Integer          0.28784400    
 Real             1.0504080     
 -------------------------------
 Total            1.3459830     
 Virtual          0.0000000     
 -------------------------------


 
 Run end date and time (yyyy/mm/dd hh:mm:ss): 2026/07/20  3:57:34
 Elapsed run time:  0.224 Seconds
 Normal termination of simulation.
